\BOOKMARK [0][-]{chapter.1}{\376\377\000A\000x\000i\000o\000m\000a\000t\000i\000q\000u\000e\000\040\000e\000t\000\040\000c\000a\000l\000c\000u\000l\000\040\000d\000e\000s\000\040\000p\000r\000o\000b\000a\000b\000i\000l\000i\000t\000\351\000s}{}% 1
\BOOKMARK [1][-]{section.1.1}{\376\377\000I\000n\000t\000r\000o\000d\000u\000c\000t\000i\000o\000n}{chapter.1}% 2
\BOOKMARK [1][-]{section.1.2}{\376\377\000C\000o\000m\000b\000i\000n\000a\000t\000o\000i\000r\000e}{chapter.1}% 3
\BOOKMARK [1][-]{section.1.3}{\376\377\000A\000x\000i\000o\000m\000a\000t\000i\000q\000u\000e\000\040\000d\000e\000s\000\040\000p\000r\000o\000b\000a\000b\000i\000l\000i\000t\000\351\000s}{chapter.1}% 4
\BOOKMARK [1][-]{section.1.4}{\376\377\000P\000r\000o\000b\000a\000b\000i\000l\000i\000t\000\351\000s\000\040\000c\000o\000n\000d\000i\000t\000i\000o\000n\000n\000e\000l\000l\000e\000s\000\040\000e\000t\000\040\000i\000n\000d\000\351\000p\000e\000n\000d\000a\000n\000c\000e}{chapter.1}% 5
\BOOKMARK [1][-]{section.1.5}{\376\377\000S\000u\000i\000t\000e\000s\000\040\000d\000'\000\351\000v\000\351\000n\000e\000m\000e\000n\000t\000s\000,\000\040\000l\000e\000m\000m\000e\000\040\000d\000e\000\040\000B\000o\000r\000e\000l\000-\000C\000a\000n\000t\000e\000l\000l\000i}{chapter.1}% 6
\BOOKMARK [0][-]{chapter.2}{\376\377\000V\000a\000r\000i\000a\000b\000l\000e\000s\000\040\000a\000l\000\351\000a\000t\000o\000i\000r\000e\000s}{}% 7
\BOOKMARK [1][-]{section.2.1}{\376\377\000V\000a\000r\000i\000a\000b\000l\000e\000s\000\040\000a\000l\000\351\000a\000t\000o\000i\000r\000e\000s\000\040\000e\000t\000\040\000l\000e\000u\000r\000\040\000l\000o\000i}{chapter.2}% 8
\BOOKMARK [1][-]{section.2.2}{\376\377\000V\000a\000r\000i\000a\000b\000l\000e\000s\000\040\000a\000l\000\351\000a\000t\000o\000i\000r\000e\000s\000\040\000d\000i\000s\000c\000r\000\350\000t\000e\000s}{chapter.2}% 9
\BOOKMARK [2][-]{subsection.2.2.1}{\376\377\000D\000\351\000f\000i\000n\000i\000t\000i\000o\000n\000s\000\040\000f\000o\000n\000d\000a\000m\000e\000n\000t\000a\000l\000e\000s}{section.2.2}% 10
\BOOKMARK [2][-]{subsection.2.2.2}{\376\377\000E\000s\000p\000\351\000r\000a\000n\000c\000e\000\040\000e\000t\000\040\000V\000a\000r\000i\000a\000n\000c\000e}{section.2.2}% 11
\BOOKMARK [2][-]{subsection.2.2.3}{\376\377\000L\000o\000i\000s\000\040\000u\000s\000u\000e\000l\000l\000e\000s\000\040\000\050\000M\000o\000d\000\350\000l\000e\000s\000\040\000d\000i\000s\000c\000r\000e\000t\000s\000\051}{section.2.2}% 12
\BOOKMARK [1][-]{section.2.3}{\376\377\000V\000a\000r\000i\000a\000b\000l\000e\000s\000\040\000a\000l\000\351\000a\000t\000o\000i\000r\000e\000s\000\040\000c\000o\000n\000t\000i\000n\000u\000e\000s}{chapter.2}% 13
\BOOKMARK [2][-]{subsection.2.3.1}{\376\377\000D\000\351\000f\000i\000n\000i\000t\000i\000o\000n\000s\000\040\000e\000t\000\040\000p\000r\000o\000p\000r\000i\000\351\000t\000\351\000s\000\040\000f\000o\000n\000d\000a\000m\000e\000n\000t\000a\000l\000e\000s}{section.2.3}% 14
\BOOKMARK [2][-]{subsection.2.3.2}{\376\377\000E\000s\000p\000\351\000r\000a\000n\000c\000e\000\040\000e\000t\000\040\000V\000a\000r\000i\000a\000n\000c\000e}{section.2.3}% 15
\BOOKMARK [2][-]{subsection.2.3.3}{\376\377\000L\000o\000i\000s\000\040\000c\000o\000n\000t\000i\000n\000u\000e\000s\000\040\000u\000s\000u\000e\000l\000l\000e\000s}{section.2.3}% 16
\BOOKMARK [2][-]{subsection.2.3.4}{\376\377\000V\000a\000r\000i\000a\000b\000l\000e\000s\000\040\000a\000l\000\351\000a\000t\000o\000i\000r\000e\000s\000\040\000"\000g\000\351\000n\000\351\000r\000a\000l\000e\000s\000"\000\040\000\050\000M\000i\000x\000t\000e\000s\000\051}{section.2.3}% 17
\BOOKMARK [2][-]{subsection.2.3.5}{\376\377\000Q\000u\000e\000l\000q\000u\000e\000s\000\040\000p\000r\000o\000p\000r\000i\000\351\000t\000\351\000s\000\040\000s\000u\000p\000p\000l\000\351\000m\000e\000n\000t\000a\000i\000r\000e\000s\000\040\000s\000u\000r\000\040\000l\000'\000e\000s\000p\000\351\000r\000a\000n\000c\000e}{section.2.3}% 18
\BOOKMARK [0][-]{chapter.3}{\376\377\000D\000i\000s\000t\000r\000i\000b\000u\000t\000i\000o\000n\000s\000\040\000J\000o\000i\000n\000t\000e\000s\000,\000\040\000I\000n\000d\000\351\000p\000e\000n\000d\000a\000n\000c\000e}{}% 19
\BOOKMARK [1][-]{section.3.1}{\376\377\000F\000o\000n\000c\000t\000i\000o\000n\000\040\000d\000e\000\040\000r\000\351\000p\000a\000r\000t\000i\000t\000i\000o\000n\000\040\000j\000o\000i\000n\000t\000e}{chapter.3}% 20
\BOOKMARK [1][-]{section.3.2}{\376\377\000C\000a\000s\000\040\000o\000\371\000\040\000\050\000X\000,\000Y\000\051\000\040\000e\000s\000t\000\040\000u\000n\000\040\000c\000o\000u\000p\000l\000e\000\040\000d\000e\000\040\000v\000a\000r\000i\000a\000b\000l\000e\000s\000\040\000a\000l\000\351\000a\000t\000o\000i\000r\000e\000s\000\040\000d\000i\000s\000c\000r\000\350\000t\000e\000s}{chapter.3}% 21
\BOOKMARK [1][-]{section.3.3}{\376\377\000C\000a\000s\000\040\000o\000\371\000\040\000\050\000X\000,\000\040\000Y\000\051\000\040\000e\000s\000t\000\040\000u\000n\000\040\000c\000o\000u\000p\000l\000e\000\040\000d\000e\000\040\000v\000a\000r\000i\000a\000b\000l\000e\000s\000\040\000a\000l\000\351\000a\000t\000o\000i\000r\000e\000s\000\040\000\050\000a\000b\000s\000o\000l\000u\000m\000e\000n\000t\000\051\000\040\000c\000o\000n\000t\000i\000n\000u\000e\000s}{chapter.3}% 22
\BOOKMARK [1][-]{section.3.4}{\376\377\000L\000o\000i\000s\000\040\000M\000a\000r\000g\000i\000n\000a\000l\000e\000s}{chapter.3}% 23
\BOOKMARK [1][-]{section.3.5}{\376\377\000I\000n\000d\000\351\000p\000e\000n\000d\000a\000n\000c\000e\000\040\000d\000e\000\040\000V\000a\000r\000i\000a\000b\000l\000e\000s\000\040\000A\000l\000\351\000a\000t\000o\000i\000r\000e\000s}{chapter.3}% 24
\BOOKMARK [1][-]{section.3.6}{\376\377\000C\000o\000v\000a\000r\000i\000a\000n\000c\000e\000\040\000e\000n\000t\000r\000e\000\040\000d\000e\000u\000x\000\040\000V\000a\000r\000i\000a\000b\000l\000e\000s\000\040\000A\000l\000\351\000a\000t\000o\000i\000r\000e\000s}{chapter.3}% 25
\BOOKMARK [0][-]{chapter.4}{\376\377\000V\000e\000c\000t\000e\000u\000r\000s\000\040\000A\000l\000\351\000a\000t\000o\000i\000r\000e\000s}{}% 26
\BOOKMARK [1][-]{section.4.1}{\376\377\000F\000o\000n\000c\000t\000i\000o\000n\000\040\000d\000e\000\040\000r\000\351\000p\000a\000r\000t\000i\000t\000i\000o\000n\000\040\000d\000'\000u\000n\000\040\000v\000e\000c\000t\000e\000u\000r\000\040\000a\000l\000\351\000a\000t\000o\000i\000r\000e}{chapter.4}% 27
\BOOKMARK [1][-]{section.4.2}{\376\377\000I\000n\000d\000\351\000p\000e\000n\000d\000a\000n\000c\000e\000\040\000m\000u\000t\000u\000e\000l\000l\000e\000\040\000d\000e\000s\000\040\000c\000o\000m\000p\000o\000s\000a\000n\000t\000e\000s}{chapter.4}% 28
\BOOKMARK [2][-]{subsection.4.2.1}{\376\377\000E\000s\000p\000\351\000r\000a\000n\000c\000e\000\040\000d\000'\000u\000n\000\040\000v\000e\000c\000t\000e\000u\000r\000\040\000a\000l\000\351\000a\000t\000o\000i\000r\000e}{section.4.2}% 29
\BOOKMARK [2][-]{subsection.4.2.2}{\376\377\000M\000a\000t\000r\000i\000c\000e\000\040\000d\000e\000\040\000C\000o\000v\000a\000r\000i\000a\000n\000c\000e}{section.4.2}% 30
\BOOKMARK [2][-]{subsection.4.2.3}{\376\377\000D\000i\000s\000t\000r\000i\000b\000u\000t\000i\000o\000n\000\040\000M\000u\000l\000t\000i\000n\000o\000m\000i\000a\000l\000e}{section.4.2}% 31
\BOOKMARK [1][-]{section.4.3}{\376\377\000\040\000D\000i\000s\000t\000r\000i\000b\000u\000t\000i\000o\000n\000s\000\040\000C\000o\000n\000d\000i\000t\000i\000o\000n\000n\000e\000l\000l\000e\000s}{chapter.4}% 32
\BOOKMARK [0][-]{chapter.5}{\376\377\000I\000n\000\351\000g\000a\000l\000i\000t\000\351\000s\000,\000\040\000C\000o\000n\000v\000e\000r\000g\000e\000n\000c\000e\000s\000\040\000e\000t\000\040\000T\000h\000\351\000o\000r\000\350\000m\000e\000\040\000L\000i\000m\000i\000t\000e}{}% 33
\BOOKMARK [1][-]{section.5.1}{\376\377\000I\000n\000\351\000g\000a\000l\000i\000t\000\351\000s\000\040\000d\000e\000\040\000P\000r\000o\000b\000a\000b\000i\000l\000i\000t\000\351\000s}{chapter.5}% 34
\BOOKMARK [2][-]{subsection.5.1.1}{\376\377\000I\000n\000\351\000g\000a\000l\000i\000t\000\351\000\040\000d\000e\000\040\000M\000a\000r\000k\000o\000v}{section.5.1}% 35
\BOOKMARK [2][-]{subsection.5.1.2}{\376\377\000I\000n\000\351\000g\000a\000l\000i\000t\000\351\000\040\000d\000e\000\040\000B\000i\000e\000n\000a\000y\000m\000\351\000-\000T\000c\000h\000e\000b\000y\000c\000h\000e\000v}{section.5.1}% 36
\BOOKMARK [2][-]{subsection.5.1.3}{\376\377\000I\000n\000\351\000g\000a\000l\000i\000t\000\351\000\040\000d\000e\000\040\000J\000e\000n\000s\000e\000n}{section.5.1}% 37
\BOOKMARK [1][-]{section.5.2}{\376\377\000C\000o\000n\000v\000e\000r\000g\000e\000n\000c\000e\000s\000\040\000d\000e\000\040\000S\000u\000i\000t\000e\000s\000\040\000d\000e\000\040\000V\000a\000r\000i\000a\000b\000l\000e\000s\000\040\000A\000l\000\351\000a\000t\000o\000i\000r\000e\000s}{chapter.5}% 38
\BOOKMARK [2][-]{subsection.5.2.1}{\376\377\000C\000o\000n\000v\000e\000r\000g\000e\000n\000c\000e\000\040\000e\000n\000\040\000D\000i\000s\000t\000r\000i\000b\000u\000t\000i\000o\000n\000\040\000\050\000o\000u\000\040\000e\000n\000\040\000L\000o\000i\000\051}{section.5.2}% 39
\BOOKMARK [2][-]{subsection.5.2.2}{\376\377\000C\000o\000n\000v\000e\000r\000g\000e\000n\000c\000e\000\040\000e\000n\000\040\000P\000r\000o\000b\000a\000b\000i\000l\000i\000t\000\351}{section.5.2}% 40
\BOOKMARK [2][-]{subsection.5.2.3}{\376\377\000C\000o\000n\000v\000e\000r\000g\000e\000n\000c\000e\000\040\000P\000r\000e\000s\000q\000u\000e\000\040\000S\000\373\000r\000e}{section.5.2}% 41
\BOOKMARK [2][-]{subsection.5.2.4}{\376\377\000C\000o\000n\000v\000e\000r\000g\000e\000n\000c\000e\000\040\000e\000n\000\040\000M\000o\000y\000e\000n\000n\000e\000\040\000\050\000d\000'\000o\000r\000d\000r\000e\000\040\000r\000\040\000o\000u\000\040\000e\000n\000\040\000L\000r\000\051}{section.5.2}% 42
\BOOKMARK [1][-]{section.5.3}{\376\377\000C\000o\000m\000p\000a\000r\000a\000i\000s\000o\000n\000s\000\040\000d\000e\000s\000\040\000m\000o\000d\000e\000s\000\040\000d\000e\000\040\000c\000o\000n\000v\000e\000r\000g\000e\000n\000c\000e}{chapter.5}% 43
\BOOKMARK [1][-]{section.5.4}{\376\377\000F\000o\000n\000c\000t\000i\000o\000n\000\040\000C\000a\000r\000a\000c\000t\000\351\000r\000i\000s\000t\000i\000q\000u\000e}{chapter.5}% 44
\BOOKMARK [1][-]{section.5.5}{\376\377\000T\000h\000\351\000o\000r\000\350\000m\000e\000s\000\040\000L\000i\000m\000i\000t\000e\000s}{chapter.5}% 45
\BOOKMARK [2][-]{subsection.5.5.1}{\376\377\000T\000h\000\351\000o\000r\000\350\000m\000e\000\040\000C\000e\000n\000t\000r\000a\000l\000\040\000L\000i\000m\000i\000t\000e\000\040\000\050\000T\000C\000L\000\051\000\040\000-\000\040\000V\000e\000r\000s\000i\000o\000n\000\040\000d\000e\000\040\000L\000i\000n\000d\000e\000b\000e\000r\000g\000-\000L\000\351\000v\000y}{section.5.5}% 46
\BOOKMARK [2][-]{subsection.5.5.2}{\376\377\000L\000o\000i\000\040\000F\000a\000i\000b\000l\000e\000\040\000d\000e\000s\000\040\000G\000r\000a\000n\000d\000s\000\040\000N\000o\000m\000b\000r\000e\000s\000\040\000\050\000L\000F\000G\000N\000\051}{section.5.5}% 47
\BOOKMARK [2][-]{subsection.5.5.3}{\376\377\000T\000h\000\351\000o\000r\000\350\000m\000e\000\040\000c\000e\000n\000t\000r\000a\000l\000\040\000l\000i\000m\000i\000t\000e}{section.5.5}% 48
