\BOOKMARK [0][-]{chapter*.1}{\376\377\000P\000r\000\351\000f\000a\000c\000e}{}% 1
\BOOKMARK [0][-]{chapter.1}{\376\377\0001\000\040\000\311\000l\000\351\000m\000e\000n\000t\000s\000\040\000d\000e\000\040\000t\000h\000\351\000o\000r\000i\000e\000\040\000d\000e\000s\000\040\000e\000n\000s\000e\000m\000b\000l\000e\000s}{}% 2
\BOOKMARK [1][-]{section.1.1}{\376\377\0001\000.\0001\000\040\000T\000h\000\351\000o\000r\000i\000e\000\040\000d\000e\000s\000\040\000e\000n\000s\000e\000m\000b\000l\000e\000s\000\040\000Z\000e\000r\000m\000o\000l\000o\000\040\000F\000r\000a\000e\000n\000k\000e\000l\000\040\000\050\000Z\000F\000\051}{chapter.1}% 3
\BOOKMARK [2][-]{subsection.1.1.1}{\376\377\0001\000.\0001\000.\0001\000\040\000P\000a\000r\000a\000d\000o\000x\000e\000\040\000d\000e\000\040\000R\000u\000s\000s\000e\000l}{section.1.1}% 4
\BOOKMARK [2][-]{subsection.1.1.2}{\376\377\0001\000.\0001\000.\0002\000\040\000A\000x\000i\000o\000m\000a\000t\000i\000q\000u\000e\000\040\000e\000t\000\040\000c\000o\000n\000s\000\351\000q\000u\000e\000n\000c\000e\000s}{section.1.1}% 5
\BOOKMARK [1][-]{section.1.2}{\376\377\0001\000.\0002\000\040\000C\000o\000n\000s\000t\000r\000u\000c\000t\000i\000o\000n\000s\000\040\000a\000x\000i\000o\000m\000a\000t\000i\000q\000u\000e\000s\000\040\000d\000i\000v\000e\000r\000s\000e\000s}{chapter.1}% 6
\BOOKMARK [2][-]{subsection.1.2.1}{\376\377\0001\000.\0002\000.\0001\000\040\000F\000a\000m\000i\000l\000l\000e\000s\000\040\000e\000t\000\040\000p\000r\000o\000d\000u\000i\000t\000s\000\040\000c\000a\000r\000t\000\351\000s\000i\000e\000n\000s\000\040\000q\000u\000e\000l\000c\000o\000n\000q\000u\000e\000s}{section.1.2}% 7
\BOOKMARK [2][-]{subsection.1.2.2}{\376\377\0001\000.\0002\000.\0002\000\040\000O\000p\000\351\000r\000a\000t\000i\000o\000n\000s\000\040\000e\000n\000s\000e\000m\000b\000l\000i\000s\000t\000e\000s}{section.1.2}% 8
\BOOKMARK [2][-]{subsection.1.2.3}{\376\377\0001\000.\0002\000.\0003\000\040\000E\000n\000t\000i\000e\000r\000s\000\040\000d\000e\000\040\000V\000o\000n\000\040\000N\000e\000u\000m\000a\000n\000n}{section.1.2}% 9
\BOOKMARK [1][-]{section.1.3}{\376\377\0001\000.\0003\000\040\000T\000h\000\351\000o\000r\000i\000e\000\040\000d\000e\000s\000\040\000o\000r\000d\000r\000e\000s}{chapter.1}% 10
\BOOKMARK [2][-]{subsection.1.3.1}{\376\377\0001\000.\0003\000.\0001\000\040\000S\000t\000r\000u\000c\000t\000u\000r\000e\000\040\000d\000'\000u\000n\000\040\000b\000o\000n\000\040\000o\000r\000d\000r\000e}{section.1.3}% 11
\BOOKMARK [1][-]{section.1.4}{\376\377\0001\000.\0004\000\040\000A\000x\000i\000o\000m\000e\000\040\000d\000u\000\040\000c\000h\000o\000i\000x}{chapter.1}% 12
\BOOKMARK [2][-]{subsection.1.4.1}{\376\377\0001\000.\0004\000.\0001\000\040\000\311\000n\000o\000n\000c\000\351\000s\000\040\000\351\000q\000u\000i\000v\000a\000l\000e\000n\000t\000s\000\040\000\340\000\040\000l\000'\000a\000x\000i\000o\000m\000e\000\040\000d\000u\000\040\000c\000h\000o\000i\000x}{section.1.4}% 13
\BOOKMARK [1][-]{section.1.5}{\376\377\0001\000.\0005\000\040\000O\000r\000d\000i\000n\000a\000u\000x}{chapter.1}% 14
\BOOKMARK [2][-]{subsection.1.5.1}{\376\377\0001\000.\0005\000.\0001\000\040\000E\000n\000s\000e\000m\000b\000l\000e\000s\000\040\000t\000r\000a\000n\000s\000i\000t\000i\000f\000s}{section.1.5}% 15
\BOOKMARK [2][-]{subsection.1.5.2}{\376\377\0001\000.\0005\000.\0002\000\040\000P\000r\000o\000p\000r\000i\000\351\000t\000\351\000s\000\040\000f\000o\000n\000d\000a\000m\000e\000n\000t\000a\000l\000e\000s\000\040\000d\000e\000s\000\040\000o\000r\000d\000i\000n\000a\000u\000x}{section.1.5}% 16
\BOOKMARK [2][-]{subsection.1.5.3}{\376\377\0001\000.\0005\000.\0003\000\040\000S\000u\000c\000c\000e\000s\000s\000e\000u\000r\000\040\000e\000t\000\040\000o\000r\000d\000i\000n\000a\000u\000x\000\040\000l\000i\000m\000i\000t\000e\000s}{section.1.5}% 17
\BOOKMARK [2][-]{subsection.1.5.4}{\376\377\0001\000.\0005\000.\0004\000\040\000P\000r\000i\000n\000c\000i\000p\000e\000\040\000d\000e\000\040\000r\000\351\000c\000u\000r\000r\000e\000n\000c\000e\000\040\000e\000t\000\040\000d\000'\000i\000n\000d\000u\000c\000t\000i\000o\000n\000\040\000t\000r\000a\000n\000s\000f\000i\000n\000i\000e}{section.1.5}% 18
\BOOKMARK [2][-]{subsection.1.5.5}{\376\377\0001\000.\0005\000.\0005\000\040\000A\000r\000i\000t\000h\000m\000\351\000t\000i\000q\000u\000e\000\040\000o\000r\000d\000i\000n\000a\000l\000e}{section.1.5}% 19
\BOOKMARK [2][-]{subsection.1.5.6}{\376\377\0001\000.\0005\000.\0006\000\040\000L\000a\000\040\000h\000i\000\351\000r\000a\000r\000c\000h\000i\000e\000\040\000d\000e\000s\000\040\000o\000r\000d\000i\000n\000a\000u\000x}{section.1.5}% 20
\BOOKMARK [1][-]{section.1.6}{\376\377\0001\000.\0006\000\040\000L\000e\000s\000\040\000c\000a\000r\000d\000i\000n\000a\000u\000x}{chapter.1}% 21
\BOOKMARK [2][-]{subsection.1.6.1}{\376\377\0001\000.\0006\000.\0001\000\040\000D\000\351\000f\000i\000n\000i\000t\000i\000o\000n}{section.1.6}% 22
\BOOKMARK [2][-]{subsection.1.6.2}{\376\377\0001\000.\0006\000.\0002\000\040\000E\000q\000u\000i\000p\000o\000t\000e\000n\000c\000e}{section.1.6}% 23
\BOOKMARK [2][-]{subsection.1.6.3}{\376\377\0001\000.\0006\000.\0003\000\040\000T\000h\000\351\000o\000r\000\350\000m\000e\000\040\000d\000e\000\040\000C\000a\000n\000t\000o\000r\000-\000S\000c\000h\000r\000\366\000d\000e\000r\000-\000B\000e\000r\000n\000s\000t\000e\000i\000n}{section.1.6}% 24
\BOOKMARK [2][-]{subsection.1.6.4}{\376\377\0001\000.\0006\000.\0004\000\040\000D\000\351\000n\000o\000m\000b\000r\000a\000b\000i\000l\000i\000t\000\351}{section.1.6}% 25
\BOOKMARK [2][-]{subsection.1.6.5}{\376\377\0001\000.\0006\000.\0005\000\040\000H\000y\000p\000o\000t\000h\000\351\000s\000e\000\040\000d\000u\000\040\000c\000o\000n\000t\000i\000n\000u}{section.1.6}% 26
\BOOKMARK [2][-]{subsection.1.6.6}{\376\377\0001\000.\0006\000.\0006\000\040\000L\000e\000\040\000t\000r\000i\000a\000d\000i\000q\000u\000e\000\040\000d\000e\000\040\000C\000a\000n\000t\000o\000r}{section.1.6}% 27
\BOOKMARK [2][-]{subsection.1.6.7}{\376\377\0001\000.\0006\000.\0007\000\040\000D\000\351\000r\000i\000v\000a\000t\000i\000o\000n\000\040\000d\000e\000\040\000C\000a\000n\000t\000o\000r\000-\000B\000e\000n\000d\000i\000x\000o\000n}{section.1.6}% 28
\BOOKMARK [0][-]{chapter.2}{\376\377\0002\000\040\000E\000s\000p\000a\000c\000e\000\040\000t\000o\000p\000o\000l\000o\000g\000i\000q\000u\000e}{}% 29
\BOOKMARK [1][-]{section.2.1}{\376\377\0002\000.\0001\000\040\000C\000o\000n\000s\000t\000r\000u\000c\000t\000i\000o\000n\000s\000\040\000d\000e\000\040\000t\000o\000p\000o\000l\000o\000g\000i\000e\000s}{chapter.2}% 30
\BOOKMARK [2][-]{subsection.2.1.1}{\376\377\0002\000.\0001\000.\0001\000\040\000F\000i\000l\000t\000r\000e\000s\000\040\000e\000t\000\040\000v\000o\000i\000s\000i\000n\000a\000g\000e\000s}{section.2.1}% 31
\BOOKMARK [2][-]{subsection.2.1.2}{\376\377\0002\000.\0001\000.\0002\000\040\000O\000u\000v\000e\000r\000t\000s}{section.2.1}% 32
\BOOKMARK [2][-]{subsection.2.1.3}{\376\377\0002\000.\0001\000.\0003\000\040\000F\000e\000r\000m\000\351\000s}{section.2.1}% 33
\BOOKMARK [2][-]{subsection.2.1.4}{\376\377\0002\000.\0001\000.\0004\000\040\000O\000p\000\351\000r\000a\000t\000e\000u\000r\000\040\000d\000e\000\040\000c\000l\000\364\000t\000u\000r\000e}{section.2.1}% 34
\BOOKMARK [2][-]{subsection.2.1.5}{\376\377\0002\000.\0001\000.\0005\000\040\000B\000a\000s\000e\000\040\000e\000t\000\040\000s\000o\000u\000s\000-\000b\000a\000s\000e\000\040\000d\000e\000\040\000t\000o\000p\000o\000l\000o\000g\000i\000e}{section.2.1}% 35
\BOOKMARK [2][-]{subsection.2.1.6}{\376\377\0002\000.\0001\000.\0006\000\040\000T\000o\000p\000o\000l\000o\000g\000i\000e\000\040\000e\000n\000g\000e\000n\000d\000r\000\351\000e\000\040\000p\000a\000r\000\040\000u\000n\000\040\000o\000r\000d\000r\000e}{section.2.1}% 36
\BOOKMARK [2][-]{subsection.2.1.7}{\376\377\0002\000.\0001\000.\0007\000\040\000T\000o\000p\000o\000l\000o\000g\000i\000e\000\040\000m\000\351\000t\000r\000i\000q\000u\000e}{section.2.1}% 37
\BOOKMARK [2][-]{subsection.2.1.8}{\376\377\0002\000.\0001\000.\0008\000\040\000T\000o\000p\000o\000l\000o\000g\000i\000e\000\040\000u\000l\000t\000r\000a\000m\000\351\000t\000r\000i\000q\000u\000e}{section.2.1}% 38
\BOOKMARK [2][-]{subsection.2.1.9}{\376\377\0002\000.\0001\000.\0009\000\040\000T\000o\000p\000o\000l\000o\000g\000i\000e\000\040\000i\000n\000d\000u\000i\000t\000e}{section.2.1}% 39
\BOOKMARK [1][-]{section.2.2}{\376\377\0002\000.\0002\000\040\000C\000o\000n\000v\000e\000r\000g\000e\000n\000c\000e\000\040\000e\000t\000\040\000c\000o\000n\000t\000i\000n\000u\000i\000t\000\351}{chapter.2}% 40
\BOOKMARK [2][-]{subsection.2.2.1}{\376\377\0002\000.\0002\000.\0001\000\040\000C\000o\000n\000v\000e\000r\000g\000e\000n\000c\000e}{section.2.2}% 41
\BOOKMARK [2][-]{subsection.2.2.2}{\376\377\0002\000.\0002\000.\0002\000\040\000C\000o\000n\000t\000i\000n\000u\000i\000t\000\351}{section.2.2}% 42
\BOOKMARK [1][-]{section.2.3}{\376\377\0002\000.\0003\000\040\000T\000o\000p\000o\000l\000o\000g\000i\000e\000\040\000p\000r\000o\000d\000u\000i\000t}{chapter.2}% 43
\BOOKMARK [2][-]{subsection.2.3.1}{\376\377\0002\000.\0003\000.\0001\000\040\000F\000o\000n\000c\000t\000i\000o\000n\000s\000\040\000p\000r\000o\000j\000e\000c\000t\000i\000o\000n\000s}{section.2.3}% 44
\BOOKMARK [2][-]{subsection.2.3.2}{\376\377\0002\000.\0003\000.\0002\000\040\000L\000i\000e\000n\000\040\000a\000v\000e\000c\000\040\000t\000r\000i\000a\000d\000i\000q\000u\000e\000\040\000d\000e\000\040\000C\000a\000n\000t\000o\000r}{section.2.3}% 45
\BOOKMARK [1][-]{section.2.4}{\376\377\0002\000.\0004\000\040\000D\000e\000n\000s\000i\000t\000\351}{chapter.2}% 46
\BOOKMARK [2][-]{subsection.2.4.1}{\376\377\0002\000.\0004\000.\0001\000\040\000C\000a\000r\000a\000c\000t\000\351\000r\000i\000s\000a\000t\000i\000o\000n}{section.2.4}% 47
\BOOKMARK [2][-]{subsection.2.4.2}{\376\377\0002\000.\0004\000.\0002\000\040\000P\000r\000o\000l\000o\000n\000g\000e\000m\000e\000n\000t\000\040\000d\000e\000s\000\040\000a\000p\000p\000l\000i\000c\000a\000t\000i\000o\000n\000s}{section.2.4}% 48
\BOOKMARK [1][-]{section.2.5}{\376\377\0002\000.\0005\000\040\000C\000o\000m\000p\000a\000c\000i\000t\000\351}{chapter.2}% 49
\BOOKMARK [2][-]{subsection.2.5.1}{\376\377\0002\000.\0005\000.\0001\000\040\000D\000\351\000f\000i\000n\000i\000t\000i\000o\000n\000\040\000e\000t\000\040\000p\000r\000o\000p\000r\000i\000\351\000t\000\351\000s\000\040\000t\000o\000p\000o\000l\000o\000g\000i\000q\000u\000e\000s}{section.2.5}% 50
\BOOKMARK [2][-]{subsection.2.5.2}{\376\377\0002\000.\0005\000.\0002\000\040\000c\000o\000m\000p\000a\000c\000i\000t\000\351\000\040\000d\000a\000n\000s\000\040\000l\000e\000s\000\040\000e\000s\000p\000a\000c\000e\000s\000\040\000m\000\351\000t\000r\000i\000q\000u\000e\000s}{section.2.5}% 51
\BOOKMARK [1][-]{section.2.6}{\376\377\0002\000.\0006\000\040\000C\000o\000n\000n\000e\000x\000i\000t\000\351}{chapter.2}% 52
\BOOKMARK [2][-]{subsection.2.6.1}{\376\377\0002\000.\0006\000.\0001\000\040\000D\000\351\000f\000i\000n\000i\000t\000i\000o\000n\000\040\000e\000t\000\040\000p\000r\000o\000p\000r\000i\000\351\000t\000\351\000s}{section.2.6}% 53
\BOOKMARK [2][-]{subsection.2.6.2}{\376\377\0002\000.\0006\000.\0002\000\040\000C\000o\000m\000p\000o\000s\000a\000n\000t\000e\000s\000\040\000c\000o\000n\000n\000e\000x\000e\000s}{section.2.6}% 54
\BOOKMARK [0][-]{chapter*.6}{\376\377\000A\000n\000n\000e\000x\000e\000\040\0001\000:\000\040\000G\000r\000o\000u\000p\000e\000s\000\040\000t\000o\000p\000o\000l\000o\000g\000i\000q\000u\000e\000s}{}% 55
\BOOKMARK [0][-]{chapter*.7}{\376\377\000A\000n\000n\000e\000x\000e\000\040\0002\000\040\000:\000\040\000T\000o\000p\000o\000l\000o\000g\000i\000e\000\040\000q\000u\000o\000t\000i\000e\000n\000t}{}% 56
\BOOKMARK [0][-]{chapter*.8}{\376\377\000A\000n\000n\000e\000x\000e\000\040\0002\000:\000\040\000H\000y\000d\000r\000e\000\040\000e\000t\000\040\000h\000e\000r\000c\000u\000l\000e}{}% 57
\BOOKMARK [0][-]{chapter*.9}{\376\377\000A\000n\000n\000e\000x\000e\000\040\0003\000:\000\040\000T\000h\000\351\000o\000r\000\350\000m\000e\000\040\000d\000e\000\040\000C\000a\000n\000t\000o\000r}{}% 58
\BOOKMARK [0][-]{chapter*.10}{\376\377\000A\000n\000n\000e\000x\000e\000\040\0004\000:\000\040\000T\000h\000\351\000o\000r\000\350\000m\000e\000\040\000d\000e\000\040\000T\000y\000c\000h\000o\000n\000o\000f\000f}{}% 59
