\BOOKMARK [0][-]{chapter.1}{\376\377\0001\000\040\000E\000s\000p\000a\000c\000e\000s\000\040\000v\000e\000c\000t\000o\000r\000i\000e\000l\000s\000\040\000n\000o\000r\000m\000\351\000s}{}% 1
\BOOKMARK [1][-]{section.1.1}{\376\377\0001\000.\0001\000\040\000D\000i\000s\000t\000a\000n\000c\000e}{chapter.1}% 2
\BOOKMARK [1][-]{section.1.2}{\376\377\0001\000.\0002\000\040\000N\000o\000r\000m\000e}{chapter.1}% 3
\BOOKMARK [1][-]{section.1.3}{\376\377\0001\000.\0003\000\040\000*\000\040\000p\000-\000n\000o\000r\000m\000e\000\040\000*}{chapter.1}% 4
\BOOKMARK [0][-]{chapter.2}{\376\377\0002\000\040\000I\000n\000t\000r\000o\000d\000u\000c\000t\000i\000o\000n\000\040\000a\000u\000x\000\040\000f\000o\000n\000c\000t\000i\000o\000n\000s\000\040\000\340\000\040\000p\000l\000u\000s\000i\000e\000u\000r\000s\000\040\000v\000a\000r\000i\000a\000b\000l\000e\000s}{}% 5
\BOOKMARK [1][-]{section.2.1}{\376\377\0002\000.\0001\000\040\000D\000o\000m\000a\000i\000n\000e\000,\000\040\000i\000m\000a\000g\000e\000,\000\040\000g\000r\000a\000p\000h\000e}{chapter.2}% 6
\BOOKMARK [1][-]{section.2.2}{\376\377\0002\000.\0002\000\040\000R\000e\000p\000r\000\351\000s\000e\000n\000t\000a\000t\000i\000o\000n\000\040\000g\000r\000a\000p\000h\000i\000q\000u\000e}{chapter.2}% 7
\BOOKMARK [0][-]{chapter.3}{\376\377\0003\000\040\000L\000i\000m\000i\000t\000e\000s\000\040\000e\000t\000\040\000c\000o\000n\000t\000i\000n\000u\000i\000t\000\351}{}% 8
\BOOKMARK [1][-]{section.3.1}{\376\377\0003\000.\0001\000\040\000G\000\351\000n\000\351\000r\000a\000l\000i\000s\000a\000t\000i\000o\000n\000\040\000\340\000\040\000R\000n}{chapter.3}% 9
\BOOKMARK [0][-]{chapter.4}{\376\377\0004\000\040\000D\000\351\000r\000i\000v\000a\000b\000i\000l\000i\000t\000\351\000\040\000e\000t\000\040\000d\000i\000f\000f\000\351\000r\000e\000n\000t\000i\000a\000b\000i\000l\000i\000t\000\351}{}% 10
\BOOKMARK [1][-]{section.4.1}{\376\377\0004\000.\0001\000\040\000D\000\351\000r\000i\000v\000a\000b\000i\000l\000i\000t\000\351\000\040\000d\000e\000s\000\040\000f\000o\000n\000c\000t\000i\000o\000n\000s\000\040\000f\000:\000R\000R\000m}{chapter.4}% 11
\BOOKMARK [1][-]{section.4.2}{\376\377\0004\000.\0002\000\040\000D\000i\000f\000f\000\351\000r\000e\000n\000t\000i\000a\000b\000i\000l\000i\000t\000\351\000\040\000d\000e\000s\000\040\000f\000o\000n\000c\000t\000i\000o\000n\000s\000\040\000f\000:\000R\000n\000R\000m}{chapter.4}% 12
\BOOKMARK [1][-]{section.4.3}{\376\377\0004\000.\0003\000\040\000P\000r\000o\000p\000r\000i\000\351\000t\000\351\000s\000\040\000d\000e\000\040\000l\000a\000\040\000d\000i\000f\000f\000\351\000r\000e\000n\000t\000i\000e\000l\000l\000e}{chapter.4}% 13
\BOOKMARK [1][-]{section.4.4}{\376\377\0004\000.\0004\000\040\000L\000i\000e\000n\000s\000\040\000e\000n\000t\000r\000e\000\040\000d\000i\000f\000f\000\351\000r\000e\000n\000t\000i\000e\000l\000l\000e\000\040\000e\000t\000\040\000d\000\351\000r\000i\000v\000\351\000e\000s\000\040\000p\000a\000r\000t\000i\000e\000l\000l\000e\000s}{chapter.4}% 14
\BOOKMARK [1][-]{section.4.5}{\376\377\0004\000.\0005\000\040\000U\000n\000\040\000p\000e\000u\000\040\000d\000e\000\040\000v\000o\000c\000a\000b\000u\000l\000a\000i\000r\000e}{chapter.4}% 15
\BOOKMARK [0][-]{chapter.5}{\376\377\0005\000\040\000R\000a\000p\000p\000e\000l\000\040\000d\000'\000o\000p\000t\000i\000m\000i\000s\000a\000t\000i\000o\000n\000\040\000\340\000\040\000u\000n\000e\000\040\000v\000a\000r\000i\000a\000b\000l\000e}{}% 16
\BOOKMARK [0][-]{chapter.6}{\376\377\0006\000\040\000D\000i\000f\000f\000\351\000r\000e\000n\000t\000e\000l\000l\000e\000\040\000s\000e\000c\000o\000n\000d\000e\000\040\000e\000t\000\040\000d\000'\000o\000r\000d\000r\000e\000\040\000s\000u\000p\000r\000\351\000r\000i\000e\000u\000r}{}% 17
\BOOKMARK [1][-]{section.6.1}{\376\377\0006\000.\0001\000\040\000D\000i\000f\000f\000\351\000r\000e\000n\000t\000i\000e\000l\000l\000e\000\040\000s\000e\000c\000o\000n\000d\000e}{chapter.6}% 18
\BOOKMARK [1][-]{section.6.2}{\376\377\0006\000.\0002\000\040\000D\000i\000f\000f\000\351\000r\000e\000n\000t\000i\000e\000l\000l\000e\000\040\000d\000'\000o\000r\000d\000r\000e\000\040\000s\000u\000p\000\351\000r\000i\000e\000u\000r\000\040\000e\000t\000\040\000T\000a\000y\000l\000o\000r}{chapter.6}% 19
\BOOKMARK [0][-]{chapter.7}{\376\377\0007\000\040\000E\000x\000t\000r\000e\000m\000a\000\040\000d\000e\000s\000\040\000f\000o\000n\000c\000t\000i\000o\000n\000s\000\040\000d\000e\000\040\000R\000n\000\040\000d\000a\000n\000s\000\040\000R}{}% 20
\BOOKMARK [1][-]{section.7.1}{\376\377\0007\000.\0001\000\040\000S\000a\000n\000s\000\040\000c\000o\000n\000t\000r\000a\000i\000n\000t\000e}{chapter.7}% 21
\BOOKMARK [0][-]{chapter.8}{\376\377\0008\000\040\000O\000p\000t\000i\000m\000i\000s\000a\000t\000i\000o\000n\000\040\000a\000v\000e\000c\000\040\000c\000o\000n\000t\000r\000a\000i\000n\000t\000e}{}% 22
\BOOKMARK [1][-]{section.8.1}{\376\377\0008\000.\0001\000\040\000I\000n\000t\000r\000o\000d\000u\000c\000t\000i\000o\000n}{chapter.8}% 23
\BOOKMARK [1][-]{section.8.2}{\376\377\0008\000.\0002\000\040\000I\000n\000v\000e\000r\000s\000i\000o\000n\000\040\000l\000o\000c\000a\000l\000e\000\040\000e\000t\000\040\000f\000o\000n\000c\000t\000i\000o\000n\000s\000\040\000i\000m\000p\000l\000i\000c\000i\000t\000e\000s}{chapter.8}% 24
\BOOKMARK [1][-]{section.8.3}{\376\377\0008\000.\0003\000\040\000M\000u\000l\000t\000i\000p\000l\000i\000c\000a\000t\000e\000u\000r\000s\000\040\000d\000e\000\040\000L\000a\000g\000r\000a\000n\000g\000e}{chapter.8}% 25
